Archive member included to satisfy reference by file (symbol)

c:/program files/st/stm32cubeide_1.11.2/stm32cubeide/plugins/com.st.stm32cube.ide.mcu.externaltools.gnu-tools-for-stm32.10.3-2021.10.win32_1.0.100.202210260954/tools/bin/../lib/gcc/arm-none-eabi/10.3.1/../../../../arm-none-eabi/lib/thumb/v7-m/nofp\libc_nano.a(lib_a-errno.o)
                              ./Core/Src/syscalls.o (__errno)
c:/program files/st/stm32cubeide_1.11.2/stm32cubeide/plugins/com.st.stm32cube.ide.mcu.externaltools.gnu-tools-for-stm32.10.3-2021.10.win32_1.0.100.202210260954/tools/bin/../lib/gcc/arm-none-eabi/10.3.1/../../../../arm-none-eabi/lib/thumb/v7-m/nofp\libc_nano.a(lib_a-exit.o)
                              c:/program files/st/stm32cubeide_1.11.2/stm32cubeide/plugins/com.st.stm32cube.ide.mcu.externaltools.gnu-tools-for-stm32.10.3-2021.10.win32_1.0.100.202210260954/tools/bin/../lib/gcc/arm-none-eabi/10.3.1/../../../../arm-none-eabi/lib/thumb/v7-m/nofp/crt0.o (exit)
c:/program files/st/stm32cubeide_1.11.2/stm32cubeide/plugins/com.st.stm32cube.ide.mcu.externaltools.gnu-tools-for-stm32.10.3-2021.10.win32_1.0.100.202210260954/tools/bin/../lib/gcc/arm-none-eabi/10.3.1/../../../../arm-none-eabi/lib/thumb/v7-m/nofp\libc_nano.a(lib_a-impure.o)
                              c:/program files/st/stm32cubeide_1.11.2/stm32cubeide/plugins/com.st.stm32cube.ide.mcu.externaltools.gnu-tools-for-stm32.10.3-2021.10.win32_1.0.100.202210260954/tools/bin/../lib/gcc/arm-none-eabi/10.3.1/../../../../arm-none-eabi/lib/thumb/v7-m/nofp\libc_nano.a(lib_a-exit.o) (_global_impure_ptr)
c:/program files/st/stm32cubeide_1.11.2/stm32cubeide/plugins/com.st.stm32cube.ide.mcu.externaltools.gnu-tools-for-stm32.10.3-2021.10.win32_1.0.100.202210260954/tools/bin/../lib/gcc/arm-none-eabi/10.3.1/../../../../arm-none-eabi/lib/thumb/v7-m/nofp\libc_nano.a(lib_a-init.o)
                              c:/program files/st/stm32cubeide_1.11.2/stm32cubeide/plugins/com.st.stm32cube.ide.mcu.externaltools.gnu-tools-for-stm32.10.3-2021.10.win32_1.0.100.202210260954/tools/bin/../lib/gcc/arm-none-eabi/10.3.1/../../../../arm-none-eabi/lib/thumb/v7-m/nofp/crt0.o (__libc_init_array)
c:/program files/st/stm32cubeide_1.11.2/stm32cubeide/plugins/com.st.stm32cube.ide.mcu.externaltools.gnu-tools-for-stm32.10.3-2021.10.win32_1.0.100.202210260954/tools/bin/../lib/gcc/arm-none-eabi/10.3.1/../../../../arm-none-eabi/lib/thumb/v7-m/nofp\libc_nano.a(lib_a-memset.o)
                              c:/program files/st/stm32cubeide_1.11.2/stm32cubeide/plugins/com.st.stm32cube.ide.mcu.externaltools.gnu-tools-for-stm32.10.3-2021.10.win32_1.0.100.202210260954/tools/bin/../lib/gcc/arm-none-eabi/10.3.1/../../../../arm-none-eabi/lib/thumb/v7-m/nofp/crt0.o (memset)
c:/program files/st/stm32cubeide_1.11.2/stm32cubeide/plugins/com.st.stm32cube.ide.mcu.externaltools.gnu-tools-for-stm32.10.3-2021.10.win32_1.0.100.202210260954/tools/bin/../lib/gcc/arm-none-eabi/10.3.1/thumb/v7-m/nofp\libgcc.a(_aeabi_uldivmod.o)
                              ./Drivers/STM32L1xx_HAL_Driver/Src/stm32l1xx_hal_rcc.o (__aeabi_uldivmod)
c:/program files/st/stm32cubeide_1.11.2/stm32cubeide/plugins/com.st.stm32cube.ide.mcu.externaltools.gnu-tools-for-stm32.10.3-2021.10.win32_1.0.100.202210260954/tools/bin/../lib/gcc/arm-none-eabi/10.3.1/thumb/v7-m/nofp\libgcc.a(_udivmoddi4.o)
                              c:/program files/st/stm32cubeide_1.11.2/stm32cubeide/plugins/com.st.stm32cube.ide.mcu.externaltools.gnu-tools-for-stm32.10.3-2021.10.win32_1.0.100.202210260954/tools/bin/../lib/gcc/arm-none-eabi/10.3.1/thumb/v7-m/nofp\libgcc.a(_aeabi_uldivmod.o) (__udivmoddi4)
c:/program files/st/stm32cubeide_1.11.2/stm32cubeide/plugins/com.st.stm32cube.ide.mcu.externaltools.gnu-tools-for-stm32.10.3-2021.10.win32_1.0.100.202210260954/tools/bin/../lib/gcc/arm-none-eabi/10.3.1/thumb/v7-m/nofp\libgcc.a(_dvmd_tls.o)
                              c:/program files/st/stm32cubeide_1.11.2/stm32cubeide/plugins/com.st.stm32cube.ide.mcu.externaltools.gnu-tools-for-stm32.10.3-2021.10.win32_1.0.100.202210260954/tools/bin/../lib/gcc/arm-none-eabi/10.3.1/thumb/v7-m/nofp\libgcc.a(_aeabi_uldivmod.o) (__aeabi_ldiv0)

Discarded input sections

 .text          0x0000000000000000        0x0 c:/program files/st/stm32cubeide_1.11.2/stm32cubeide/plugins/com.st.stm32cube.ide.mcu.externaltools.gnu-tools-for-stm32.10.3-2021.10.win32_1.0.100.202210260954/tools/bin/../lib/gcc/arm-none-eabi/10.3.1/thumb/v7-m/nofp/crti.o
 .data          0x0000000000000000        0x0 c:/program files/st/stm32cubeide_1.11.2/stm32cubeide/plugins/com.st.stm32cube.ide.mcu.externaltools.gnu-tools-for-stm32.10.3-2021.10.win32_1.0.100.202210260954/tools/bin/../lib/gcc/arm-none-eabi/10.3.1/thumb/v7-m/nofp/crti.o
 .bss           0x0000000000000000        0x0 c:/program files/st/stm32cubeide_1.11.2/stm32cubeide/plugins/com.st.stm32cube.ide.mcu.externaltools.gnu-tools-for-stm32.10.3-2021.10.win32_1.0.100.202210260954/tools/bin/../lib/gcc/arm-none-eabi/10.3.1/thumb/v7-m/nofp/crti.o
[...]
Memory Configuration

Name             Origin             Length             Attributes
RAM              0x0000000020000000 0x0000000000014000 xrw
FLASH            0x0000000008000000 0x0000000000080000 xr
*default*        0x0000000000000000 0xffffffffffffffff

Linker script and memory map

LOAD c:/program files/st/stm32cubeide_1.11.2/stm32cubeide/plugins/com.st.stm32cube.ide.mcu.externaltools.gnu-tools-for-stm32.10.3-2021.10.win32_1.0.100.202210260954/tools/bin/../lib/gcc/arm-none-eabi/10.3.1/thumb/v7-m/nofp/crti.o
LOAD c:/program files/st/stm32cubeide_1.11.2/stm32cubeide/plugins/com.st.stm32cube.ide.mcu.externaltools.gnu-tools-for-stm32.10.3-2021.10.win32_1.0.100.202210260954/tools/bin/../lib/gcc/arm-none-eabi/10.3.1/thumb/v7-m/nofp/crtbegin.o
LOAD c:/program files/st/stm32cubeide_1.11.2/stm32cubeide/plugins/com.st.stm32cube.ide.mcu.externaltools.gnu-tools-for-stm32.10.3-2021.10.win32_1.0.100.202210260954/tools/bin/../lib/gcc/arm-none-eabi/10.3.1/../../../../arm-none-eabi/lib/thumb/v7-m/nofp/crt0.o
LOAD ./Core/Src/Utiles_SDM.o
LOAD ./Core/Src/main.o
LOAD ./Core/Src/stm32l1xx_hal_msp.o
LOAD ./Core/Src/stm32l1xx_it.o
LOAD ./Core/Src/syscalls.o
LOAD ./Core/Src/sysmem.o
LOAD ./Core/Src/system_stm32l1xx.o
LOAD ./Core/Startup/startup_stm32l152retx.o
LOAD ./Drivers/STM32L1xx_HAL_Driver/Src/stm32l1xx_hal.o
LOAD ./Drivers/STM32L1xx_HAL_Driver/Src/stm32l1xx_hal_adc.o
LOAD ./Drivers/STM32L1xx_HAL_Driver/Src/stm32l1xx_hal_adc_ex.o
LOAD ./Drivers/STM32L1xx_HAL_Driver/Src/stm32l1xx_hal_cortex.o
LOAD ./Drivers/STM32L1xx_HAL_Driver/Src/stm32l1xx_hal_dma.o
LOAD ./Drivers/STM32L1xx_HAL_Driver/Src/stm32l1xx_hal_exti.o
LOAD ./Drivers/STM32L1xx_HAL_Driver/Src/stm32l1xx_hal_flash.o
LOAD ./Drivers/STM32L1xx_HAL_Driver/Src/stm32l1xx_hal_flash_ex.o
LOAD ./Drivers/STM32L1xx_HAL_Driver/Src/stm32l1xx_hal_flash_ramfunc.o
LOAD ./Drivers/STM32L1xx_HAL_Driver/Src/stm32l1xx_hal_gpio.o
LOAD ./Drivers/STM32L1xx_HAL_Driver/Src/stm32l1xx_hal_pwr.o
LOAD ./Drivers/STM32L1xx_HAL_Driver/Src/stm32l1xx_hal_pwr_ex.o
LOAD ./Drivers/STM32L1xx_HAL_Driver/Src/stm32l1xx_hal_rcc.o
LOAD ./Drivers/STM32L1xx_HAL_Driver/Src/stm32l1xx_hal_rcc_ex.o
LOAD ./Drivers/STM32L1xx_HAL_Driver/Src/stm32l1xx_hal_tim.o
LOAD ./Drivers/STM32L1xx_HAL_Driver/Src/stm32l1xx_hal_tim_ex.o
LOAD ./Drivers/STM32L1xx_HAL_Driver/Src/stm32l1xx_hal_uart.o
START GROUP
LOAD c:/program files/st/stm32cubeide_1.11.2/stm32cubeide/plugins/com.st.stm32cube.ide.mcu.externaltools.gnu-tools-for-stm32.10.3-2021.10.win32_1.0.100.202210260954/tools/bin/../lib/gcc/arm-none-eabi/10.3.1/../../../../arm-none-eabi/lib/thumb/v7-m/nofp\libc_nano.a
LOAD c:/program files/st/stm32cubeide_1.11.2/stm32cubeide/plugins/com.st.stm32cube.ide.mcu.externaltools.gnu-tools-for-stm32.10.3-2021.10.win32_1.0.100.202210260954/tools/bin/../lib/gcc/arm-none-eabi/10.3.1/../../../../arm-none-eabi/lib/thumb/v7-m/nofp\libm.a
END GROUP
START GROUP
LOAD c:/program files/st/stm32cubeide_1.11.2/stm32cubeide/plugins/com.st.stm32cube.ide.mcu.externaltools.gnu-tools-for-stm32.10.3-2021.10.win32_1.0.100.202210260954/tools/bin/../lib/gcc/arm-none-eabi/10.3.1/thumb/v7-m/nofp\libgcc.a
LOAD c:/program files/st/stm32cubeide_1.11.2/stm32cubeide/plugins/com.st.stm32cube.ide.mcu.externaltools.gnu-tools-for-stm32.10.3-2021.10.win32_1.0.100.202210260954/tools/bin/../lib/gcc/arm-none-eabi/10.3.1/../../../../arm-none-eabi/lib/thumb/v7-m/nofp\libc_nano.a
END GROUP
START GROUP
LOAD c:/program files/st/stm32cubeide_1.11.2/stm32cubeide/plugins/com.st.stm32cube.ide.mcu.externaltools.gnu-tools-for-stm32.10.3-2021.10.win32_1.0.100.202210260954/tools/bin/../lib/gcc/arm-none-eabi/10.3.1/thumb/v7-m/nofp\libgcc.a
LOAD c:/program files/st/stm32cubeide_1.11.2/stm32cubeide/plugins/com.st.stm32cube.ide.mcu.externaltools.gnu-tools-for-stm32.10.3-2021.10.win32_1.0.100.202210260954/tools/bin/../lib/gcc/arm-none-eabi/10.3.1/../../../../arm-none-eabi/lib/thumb/v7-m/nofp\libc_nano.a
LOAD c:/program files/st/stm32cubeide_1.11.2/stm32cubeide/plugins/com.st.stm32cube.ide.mcu.externaltools.gnu-tools-for-stm32.10.3-2021.10.win32_1.0.100.202210260954/tools/bin/../lib/gcc/arm-none-eabi/10.3.1/../../../../arm-none-eabi/lib/thumb/v7-m/nofp\libnosys.a
END GROUP
START GROUP
LOAD c:/program files/st/stm32cubeide_1.11.2/stm32cubeide/plugins/com.st.stm32cube.ide.mcu.externaltools.gnu-tools-for-stm32.10.3-2021.10.win32_1.0.100.202210260954/tools/bin/../lib/gcc/arm-none-eabi/10.3.1/thumb/v7-m/nofp\libgcc.a
LOAD c:/program files/st/stm32cubeide_1.11.2/stm32cubeide/plugins/com.st.stm32cube.ide.mcu.externaltools.gnu-tools-for-stm32.10.3-2021.10.win32_1.0.100.202210260954/tools/bin/../lib/gcc/arm-none-eabi/10.3.1/../../../../arm-none-eabi/lib/thumb/v7-m/nofp\libc_nano.a
LOAD c:/program files/st/stm32cubeide_1.11.2/stm32cubeide/plugins/com.st.stm32cube.ide.mcu.externaltools.gnu-tools-for-stm32.10.3-2021.10.win32_1.0.100.202210260954/tools/bin/../lib/gcc/arm-none-eabi/10.3.1/../../../../arm-none-eabi/lib/thumb/v7-m/nofp\libnosys.a
END GROUP
LOAD c:/program files/st/stm32cubeide_1.11.2/stm32cubeide/plugins/com.st.stm32cube.ide.mcu.externaltools.gnu-tools-for-stm32.10.3-2021.10.win32_1.0.100.202210260954/tools/bin/../lib/gcc/arm-none-eabi/10.3.1/thumb/v7-m/nofp/crtend.o
LOAD c:/program files/st/stm32cubeide_1.11.2/stm32cubeide/plugins/com.st.stm32cube.ide.mcu.externaltools.gnu-tools-for-stm32.10.3-2021.10.win32_1.0.100.202210260954/tools/bin/../lib/gcc/arm-none-eabi/10.3.1/thumb/v7-m/nofp/crtn.o
                0x0000000020014000                _estack = (ORIGIN (RAM) + LENGTH (RAM))
                0x0000000000000200                _Min_Heap_Size = 0x200
                0x0000000000000400                _Min_Stack_Size = 0x400

.isr_vector     0x0000000008000000      0x13c
                0x0000000008000000                . = ALIGN (0x4)
 *(.isr_vector)
 .isr_vector    0x0000000008000000      0x13c ./Core/Startup/startup_stm32l152retx.o
                0x0000000008000000                g_pfnVectors
                0x000000000800013c                . = ALIGN (0x4)

.text           0x000000000800013c     0x3f74
                0x000000000800013c                . = ALIGN (0x4)
 *(.text)
 .text          0x000000000800013c       0x40 c:/program files/st/stm32cubeide_1.11.2/stm32cubeide/plugins/com.st.stm32cube.ide.mcu.externaltools.gnu-tools-for-stm32.10.3-2021.10.win32_1.0.100.202210260954/tools/bin/../lib/gcc/arm-none-eabi/10.3.1/thumb/v7-m/nofp/crtbegin.o
 .text          0x000000000800017c       0x30 c:/program files/st/stm32cubeide_1.11.2/stm32cubeide/plugins/com.st.stm32cube.ide.mcu.externaltools.gnu-tools-for-stm32.10.3-2021.10.win32_1.0.100.202210260954/tools/bin/../lib/gcc/arm-none-eabi/10.3.1/thumb/v7-m/nofp\libgcc.a(_aeabi_uldivmod.o)
                0x000000000800017c                __aeabi_uldivmod
 .text          0x00000000080001ac      0x2d4 c:/program files/st/stm32cubeide_1.11.2/stm32cubeide/plugins/com.st.stm32cube.ide.mcu.externaltools.gnu-tools-for-stm32.10.3-2021.10.win32_1.0.100.202210260954/tools/bin/../lib/gcc/arm-none-eabi/10.3.1/thumb/v7-m/nofp\libgcc.a(_udivmoddi4.o)
                0x00000000080001ac                __udivmoddi4
 .text          0x0000000008000480        0x4 c:/program files/st/stm32cubeide_1.11.2/stm32cubeide/plugins/com.st.stm32cube.ide.mcu.externaltools.gnu-tools-for-stm32.10.3-2021.10.win32_1.0.100.202210260954/tools/bin/../lib/gcc/arm-none-eabi/10.3.1/thumb/v7-m/nofp\libgcc.a(_dvmd_tls.o)
                0x0000000008000480                __aeabi_idiv0
                0x0000000008000480                __aeabi_ldiv0
 *(.text*)
 .text.lineBreakFunction
                0x0000000008000484       0x38 ./Core/Src/main.o
                0x0000000008000484                lineBreakFunction
 .text.chooseAMode
                0x00000000080004bc       0x30 ./Core/Src/main.o
                0x00000000080004bc                chooseAMode
 .text.goForward
                0x00000000080004ec       0x50 ./Core/Src/main.o
                0x00000000080004ec                goForward
 .text.goBackward
                0x000000000800053c       0x58 ./Core/Src/main.o
                0x000000000800053c                goBackward
 .text.forwardBrake
                0x0000000008000594       0x90 ./Core/Src/main.o
                0x0000000008000594                forwardBrake
 .text.Stop     0x0000000008000624       0x30 ./Core/Src/main.o
                0x0000000008000624                Stop
 .text.goRight  0x0000000008000654       0x30 ./Core/Src/main.o
                0x0000000008000654                goRight
 .text.goLeft   0x0000000008000684       0x30 ./Core/Src/main.o
                0x0000000008000684                goLeft
 .text.ADC1_IRQHandler
                0x00000000080006b4       0x50 ./Core/Src/main.o
                0x00000000080006b4                ADC1_IRQHandler
 .text.TIM3_IRQHandler
                0x0000000008000704      0x1c0 ./Core/Src/main.o
                0x0000000008000704                TIM3_IRQHandler
 .text.TIM2_IRQHandler
                0x00000000080008c4      0x1a8 ./Core/Src/main.o
                0x00000000080008c4                TIM2_IRQHandler
 .text.main     0x0000000008000a6c      0x4b0 ./Core/Src/main.o
                0x0000000008000a6c                main
 .text.SystemClock_Config
                0x0000000008000f1c       0x9c ./Core/Src/main.o
                0x0000000008000f1c                SystemClock_Config
 .text.MX_ADC_Init
                0x0000000008000fb8       0xb0 ./Core/Src/main.o
 .text.MX_TIM2_Init
                0x0000000008001068       0x98 ./Core/Src/main.o
 .text.MX_TIM3_Init
                0x0000000008001100       0x9c ./Core/Src/main.o
 .text.MX_TIM4_Init
                0x000000000800119c       0x9c ./Core/Src/main.o
 .text.MX_USART1_UART_Init
                0x0000000008001238       0x54 ./Core/Src/main.o
 .text.MX_GPIO_Init
                0x000000000800128c       0xa4 ./Core/Src/main.o
 .text.HAL_UART_RxCpltCallback
                0x0000000008001330      0x1f8 ./Core/Src/main.o
                0x0000000008001330                HAL_UART_RxCpltCallback
 .text.Error_Handler
                0x0000000008001528        0xa ./Core/Src/main.o
                0x0000000008001528                Error_Handler
 *fill*         0x0000000008001532        0x2 
 .text.HAL_MspInit
                0x0000000008001534       0x60 ./Core/Src/stm32l1xx_hal_msp.o
                0x0000000008001534                HAL_MspInit
 .text.HAL_ADC_MspInit
                0x0000000008001594       0x80 ./Core/Src/stm32l1xx_hal_msp.o
                0x0000000008001594                HAL_ADC_MspInit
 .text.HAL_TIM_Base_MspInit
                0x0000000008001614       0x88 ./Core/Src/stm32l1xx_hal_msp.o
                0x0000000008001614                HAL_TIM_Base_MspInit
 .text.HAL_UART_MspInit
                0x000000000800169c       0x98 ./Core/Src/stm32l1xx_hal_msp.o
                0x000000000800169c                HAL_UART_MspInit
 .text.NMI_Handler
                0x0000000008001734        0x6 ./Core/Src/stm32l1xx_it.o
                0x0000000008001734                NMI_Handler
 .text.HardFault_Handler
                0x000000000800173a        0x6 ./Core/Src/stm32l1xx_it.o
                0x000000000800173a                HardFault_Handler
 .text.MemManage_Handler
                0x0000000008001740        0x6 ./Core/Src/stm32l1xx_it.o
                0x0000000008001740                MemManage_Handler
 .text.BusFault_Handler
                0x0000000008001746        0x6 ./Core/Src/stm32l1xx_it.o
                0x0000000008001746                BusFault_Handler
 .text.UsageFault_Handler
                0x000000000800174c        0x6 ./Core/Src/stm32l1xx_it.o
                0x000000000800174c                UsageFault_Handler
 .text.SVC_Handler
                0x0000000008001752        0xc ./Core/Src/stm32l1xx_it.o
                0x0000000008001752                SVC_Handler
 .text.DebugMon_Handler
                0x000000000800175e        0xc ./Core/Src/stm32l1xx_it.o
                0x000000000800175e                DebugMon_Handler
 .text.PendSV_Handler
                0x000000000800176a        0xc ./Core/Src/stm32l1xx_it.o
                0x000000000800176a                PendSV_Handler
 .text.SysTick_Handler
                0x0000000008001776        0xc ./Core/Src/stm32l1xx_it.o
                0x0000000008001776                SysTick_Handler
 *fill*         0x0000000008001782        0x2 
 .text.USART1_IRQHandler
                0x0000000008001784       0x14 ./Core/Src/stm32l1xx_it.o
                0x0000000008001784                USART1_IRQHandler
 .text.SystemInit
                0x0000000008001798        0xc ./Core/Src/system_stm32l1xx.o
                0x0000000008001798                SystemInit
 .text.Reset_Handler
                0x00000000080017a4       0x48 ./Core/Startup/startup_stm32l152retx.o
                0x00000000080017a4                Reset_Handler
 .text.Default_Handler
                0x00000000080017ec        0x2 ./Core/Startup/startup_stm32l152retx.o
                0x00000000080017ec                RTC_Alarm_IRQHandler
                0x00000000080017ec                EXTI2_IRQHandler
                0x00000000080017ec                COMP_ACQ_IRQHandler
                0x00000000080017ec                TIM10_IRQHandler
                0x00000000080017ec                USB_HP_IRQHandler
                0x00000000080017ec                TIM6_IRQHandler
                0x00000000080017ec                PVD_IRQHandler
                0x00000000080017ec                EXTI3_IRQHandler
                0x00000000080017ec                EXTI0_IRQHandler
                0x00000000080017ec                I2C2_EV_IRQHandler
                0x00000000080017ec                SPI1_IRQHandler
                0x00000000080017ec                USB_FS_WKUP_IRQHandler
                0x00000000080017ec                DMA2_Channel2_IRQHandler
                0x00000000080017ec                DMA1_Channel4_IRQHandler
                0x00000000080017ec                USART3_IRQHandler
                0x00000000080017ec                DMA1_Channel7_IRQHandler
                0x00000000080017ec                LCD_IRQHandler
                0x00000000080017ec                UART5_IRQHandler
                0x00000000080017ec                TIM4_IRQHandler
                0x00000000080017ec                DMA2_Channel1_IRQHandler
                0x00000000080017ec                I2C1_EV_IRQHandler
                0x00000000080017ec                DMA1_Channel6_IRQHandler
                0x00000000080017ec                UART4_IRQHandler
                0x00000000080017ec                DMA2_Channel4_IRQHandler
                0x00000000080017ec                RCC_IRQHandler
                0x00000000080017ec                DMA1_Channel1_IRQHandler
                0x00000000080017ec                Default_Handler
                0x00000000080017ec                EXTI15_10_IRQHandler
                0x00000000080017ec                TIM7_IRQHandler
                0x00000000080017ec                TIM5_IRQHandler
                0x00000000080017ec                EXTI9_5_IRQHandler
                0x00000000080017ec                TIM9_IRQHandler
                0x00000000080017ec                TAMPER_STAMP_IRQHandler
                0x00000000080017ec                RTC_WKUP_IRQHandler
                0x00000000080017ec                SPI2_IRQHandler
                0x00000000080017ec                DMA2_Channel5_IRQHandler
                0x00000000080017ec                DMA1_Channel5_IRQHandler
                0x00000000080017ec                USB_LP_IRQHandler
                0x00000000080017ec                EXTI4_IRQHandler
                0x00000000080017ec                DMA1_Channel3_IRQHandler
                0x00000000080017ec                COMP_IRQHandler
                0x00000000080017ec                WWDG_IRQHandler
                0x00000000080017ec                DAC_IRQHandler
                0x00000000080017ec                EXTI1_IRQHandler
                0x00000000080017ec                TIM11_IRQHandler
                0x00000000080017ec                USART2_IRQHandler
                0x00000000080017ec                I2C2_ER_IRQHandler
                0x00000000080017ec                DMA1_Channel2_IRQHandler
                0x00000000080017ec                FLASH_IRQHandler
                0x00000000080017ec                SPI3_IRQHandler
                0x00000000080017ec                I2C1_ER_IRQHandler
                0x00000000080017ec                DMA2_Channel3_IRQHandler
 .text.HAL_Init
                0x00000000080017ee       0x30 ./Drivers/STM32L1xx_HAL_Driver/Src/stm32l1xx_hal.o
                0x00000000080017ee                HAL_Init
 *fill*         0x000000000800181e        0x2 
 .text.HAL_InitTick
                0x0000000008001820       0x74 ./Drivers/STM32L1xx_HAL_Driver/Src/stm32l1xx_hal.o
                0x0000000008001820                HAL_InitTick
 .text.HAL_IncTick
                0x0000000008001894       0x24 ./Drivers/STM32L1xx_HAL_Driver/Src/stm32l1xx_hal.o
                0x0000000008001894                HAL_IncTick
 .text.HAL_GetTick
                0x00000000080018b8       0x14 ./Drivers/STM32L1xx_HAL_Driver/Src/stm32l1xx_hal.o
                0x00000000080018b8                HAL_GetTick
 .text.HAL_ADC_Init
                0x00000000080018cc      0x28c ./Drivers/STM32L1xx_HAL_Driver/Src/stm32l1xx_hal_adc.o
                0x00000000080018cc                HAL_ADC_Init
 .text.HAL_ADC_ConfigChannel
                0x0000000008001b58      0x2d8 ./Drivers/STM32L1xx_HAL_Driver/Src/stm32l1xx_hal_adc.o
                0x0000000008001b58                HAL_ADC_ConfigChannel
 .text.__NVIC_SetPriorityGrouping
                0x0000000008001e30       0x48 ./Drivers/STM32L1xx_HAL_Driver/Src/stm32l1xx_hal_cortex.o
 .text.__NVIC_GetPriorityGrouping
                0x0000000008001e78       0x1c ./Drivers/STM32L1xx_HAL_Driver/Src/stm32l1xx_hal_cortex.o
 .text.__NVIC_EnableIRQ
                0x0000000008001e94       0x38 ./Drivers/STM32L1xx_HAL_Driver/Src/stm32l1xx_hal_cortex.o
 .text.__NVIC_SetPriority
                0x0000000008001ecc       0x54 ./Drivers/STM32L1xx_HAL_Driver/Src/stm32l1xx_hal_cortex.o
 .text.NVIC_EncodePriority
                0x0000000008001f20       0x64 ./Drivers/STM32L1xx_HAL_Driver/Src/stm32l1xx_hal_cortex.o
 .text.SysTick_Config
                0x0000000008001f84       0x44 ./Drivers/STM32L1xx_HAL_Driver/Src/stm32l1xx_hal_cortex.o
 .text.HAL_NVIC_SetPriorityGrouping
                0x0000000008001fc8       0x16 ./Drivers/STM32L1xx_HAL_Driver/Src/stm32l1xx_hal_cortex.o
                0x0000000008001fc8                HAL_NVIC_SetPriorityGrouping
 .text.HAL_NVIC_SetPriority
                0x0000000008001fde       0x38 ./Drivers/STM32L1xx_HAL_Driver/Src/stm32l1xx_hal_cortex.o
                0x0000000008001fde                HAL_NVIC_SetPriority
 .text.HAL_NVIC_EnableIRQ
                0x0000000008002016       0x1c ./Drivers/STM32L1xx_HAL_Driver/Src/stm32l1xx_hal_cortex.o
                0x0000000008002016                HAL_NVIC_EnableIRQ
 .text.HAL_SYSTICK_Config
                0x0000000008002032       0x18 ./Drivers/STM32L1xx_HAL_Driver/Src/stm32l1xx_hal_cortex.o
                0x0000000008002032                HAL_SYSTICK_Config
 .text.HAL_DMA_Abort
                0x000000000800204a       0x7a ./Drivers/STM32L1xx_HAL_Driver/Src/stm32l1xx_hal_dma.o
                0x000000000800204a                HAL_DMA_Abort
 .text.HAL_DMA_Abort_IT
                0x00000000080020c4       0x82 ./Drivers/STM32L1xx_HAL_Driver/Src/stm32l1xx_hal_dma.o
                0x00000000080020c4                HAL_DMA_Abort_IT
 *fill*         0x0000000008002146        0x2 
 .text.HAL_GPIO_Init
                0x0000000008002148      0x320 ./Drivers/STM32L1xx_HAL_Driver/Src/stm32l1xx_hal_gpio.o
                0x0000000008002148                HAL_GPIO_Init
 .text.HAL_RCC_OscConfig
                0x0000000008002468      0x660 ./Drivers/STM32L1xx_HAL_Driver/Src/stm32l1xx_hal_rcc.o
                0x0000000008002468                HAL_RCC_OscConfig
 .text.HAL_RCC_ClockConfig
                0x0000000008002ac8      0x268 ./Drivers/STM32L1xx_HAL_Driver/Src/stm32l1xx_hal_rcc.o
                0x0000000008002ac8                HAL_RCC_ClockConfig
 .text.HAL_RCC_GetSysClockFreq
                0x0000000008002d30      0x200 ./Drivers/STM32L1xx_HAL_Driver/Src/stm32l1xx_hal_rcc.o
                0x0000000008002d30                HAL_RCC_GetSysClockFreq
 .text.HAL_RCC_GetHCLKFreq
                0x0000000008002f30       0x14 ./Drivers/STM32L1xx_HAL_Driver/Src/stm32l1xx_hal_rcc.o
                0x0000000008002f30                HAL_RCC_GetHCLKFreq
 .text.HAL_RCC_GetPCLK1Freq
                0x0000000008002f44       0x28 ./Drivers/STM32L1xx_HAL_Driver/Src/stm32l1xx_hal_rcc.o
                0x0000000008002f44                HAL_RCC_GetPCLK1Freq
 .text.HAL_RCC_GetPCLK2Freq
                0x0000000008002f6c       0x28 ./Drivers/STM32L1xx_HAL_Driver/Src/stm32l1xx_hal_rcc.o
                0x0000000008002f6c                HAL_RCC_GetPCLK2Freq
 .text.RCC_SetFlashLatencyFromMSIRange
                0x0000000008002f94       0xc0 ./Drivers/STM32L1xx_HAL_Driver/Src/stm32l1xx_hal_rcc.o
 .text.HAL_TIM_Base_Init
                0x0000000008003054       0x7e ./Drivers/STM32L1xx_HAL_Driver/Src/stm32l1xx_hal_tim.o
                0x0000000008003054                HAL_TIM_Base_Init
 .text.HAL_TIM_ConfigClockSource
                0x00000000080030d2      0x188 ./Drivers/STM32L1xx_HAL_Driver/Src/stm32l1xx_hal_tim.o
                0x00000000080030d2                HAL_TIM_ConfigClockSource
 *fill*         0x000000000800325a        0x2 
 .text.TIM_Base_SetConfig
                0x000000000800325c       0xe0 ./Drivers/STM32L1xx_HAL_Driver/Src/stm32l1xx_hal_tim.o
 .text.TIM_TI1_ConfigInputStage
                0x000000000800333c       0x5c ./Drivers/STM32L1xx_HAL_Driver/Src/stm32l1xx_hal_tim.o
 .text.TIM_TI2_ConfigInputStage
                0x0000000008003398       0x5e ./Drivers/STM32L1xx_HAL_Driver/Src/stm32l1xx_hal_tim.o
 .text.TIM_ITRx_SetConfig
                0x00000000080033f6       0x34 ./Drivers/STM32L1xx_HAL_Driver/Src/stm32l1xx_hal_tim.o
 .text.TIM_ETR_SetConfig
                0x000000000800342a       0x3e ./Drivers/STM32L1xx_HAL_Driver/Src/stm32l1xx_hal_tim.o
 .text.HAL_TIMEx_MasterConfigSynchronization
                0x0000000008003468       0xbc ./Drivers/STM32L1xx_HAL_Driver/Src/stm32l1xx_hal_tim_ex.o
                0x0000000008003468                HAL_TIMEx_MasterConfigSynchronization
 .text.HAL_UART_Init
                0x0000000008003524       0x9a ./Drivers/STM32L1xx_HAL_Driver/Src/stm32l1xx_hal_uart.o
                0x0000000008003524                HAL_UART_Init
 .text.HAL_UART_Transmit
                0x00000000080035be      0x124 ./Drivers/STM32L1xx_HAL_Driver/Src/stm32l1xx_hal_uart.o
                0x00000000080035be                HAL_UART_Transmit
 .text.HAL_UART_Receive_IT
                0x00000000080036e2       0x60 ./Drivers/STM32L1xx_HAL_Driver/Src/stm32l1xx_hal_uart.o
                0x00000000080036e2                HAL_UART_Receive_IT
 *fill*         0x0000000008003742        0x2 
 .text.HAL_UART_IRQHandler
                0x0000000008003744      0x354 ./Drivers/STM32L1xx_HAL_Driver/Src/stm32l1xx_hal_uart.o
                0x0000000008003744                HAL_UART_IRQHandler
 .text.HAL_UART_TxCpltCallback
                0x0000000008003a98       0x12 ./Drivers/STM32L1xx_HAL_Driver/Src/stm32l1xx_hal_uart.o
                0x0000000008003a98                HAL_UART_TxCpltCallback
 .text.HAL_UART_ErrorCallback
                0x0000000008003aaa       0x12 ./Drivers/STM32L1xx_HAL_Driver/Src/stm32l1xx_hal_uart.o
                0x0000000008003aaa                HAL_UART_ErrorCallback
 .text.HAL_UARTEx_RxEventCallback
                0x0000000008003abc       0x16 ./Drivers/STM32L1xx_HAL_Driver/Src/stm32l1xx_hal_uart.o
                0x0000000008003abc                HAL_UARTEx_RxEventCallback
 .text.UART_WaitOnFlagUntilTimeout
                0x0000000008003ad2       0x94 ./Drivers/STM32L1xx_HAL_Driver/Src/stm32l1xx_hal_uart.o
 .text.UART_Start_Receive_IT
                0x0000000008003b66       0x72 ./Drivers/STM32L1xx_HAL_Driver/Src/stm32l1xx_hal_uart.o
                0x0000000008003b66                UART_Start_Receive_IT
 .text.UART_EndRxTransfer
                0x0000000008003bd8       0x58 ./Drivers/STM32L1xx_HAL_Driver/Src/stm32l1xx_hal_uart.o
 .text.UART_DMAAbortOnError
                0x0000000008003c30       0x28 ./Drivers/STM32L1xx_HAL_Driver/Src/stm32l1xx_hal_uart.o
 .text.UART_Transmit_IT
                0x0000000008003c58       0x9e ./Drivers/STM32L1xx_HAL_Driver/Src/stm32l1xx_hal_uart.o
 .text.UART_EndTransmit_IT
                0x0000000008003cf6       0x30 ./Drivers/STM32L1xx_HAL_Driver/Src/stm32l1xx_hal_uart.o
 .text.UART_Receive_IT
                0x0000000008003d26      0x152 ./Drivers/STM32L1xx_HAL_Driver/Src/stm32l1xx_hal_uart.o
 .text.UART_SetConfig
                0x0000000008003e78      0x1c8 ./Drivers/STM32L1xx_HAL_Driver/Src/stm32l1xx_hal_uart.o
 .text.__libc_init_array
                0x0000000008004040       0x48 c:/program files/st/stm32cubeide_1.11.2/stm32cubeide/plugins/com.st.stm32cube.ide.mcu.externaltools.gnu-tools-for-stm32.10.3-2021.10.win32_1.0.100.202210260954/tools/bin/../lib/gcc/arm-none-eabi/10.3.1/../../../../arm-none-eabi/lib/thumb/v7-m/nofp\libc_nano.a(lib_a-init.o)
                0x0000000008004040                __libc_init_array
 .text.memset   0x0000000008004088       0x10 c:/program files/st/stm32cubeide_1.11.2/stm32cubeide/plugins/com.st.stm32cube.ide.mcu.externaltools.gnu-tools-for-stm32.10.3-2021.10.win32_1.0.100.202210260954/tools/bin/../lib/gcc/arm-none-eabi/10.3.1/../../../../arm-none-eabi/lib/thumb/v7-m/nofp\libc_nano.a(lib_a-memset.o)
                0x0000000008004088                memset
 *(.glue_7)
 .glue_7        0x0000000008004098        0x0 linker stubs
 *(.glue_7t)
 .glue_7t       0x0000000008004098        0x0 linker stubs
 *(.eh_frame)
 .eh_frame      0x0000000008004098        0x0 c:/program files/st/stm32cubeide_1.11.2/stm32cubeide/plugins/com.st.stm32cube.ide.mcu.externaltools.gnu-tools-for-stm32.10.3-2021.10.win32_1.0.100.202210260954/tools/bin/../lib/gcc/arm-none-eabi/10.3.1/thumb/v7-m/nofp/crtbegin.o
 *(.init)
 .init          0x0000000008004098        0x4 c:/program files/st/stm32cubeide_1.11.2/stm32cubeide/plugins/com.st.stm32cube.ide.mcu.externaltools.gnu-tools-for-stm32.10.3-2021.10.win32_1.0.100.202210260954/tools/bin/../lib/gcc/arm-none-eabi/10.3.1/thumb/v7-m/nofp/crti.o
                0x0000000008004098                _init
 .init          0x000000000800409c        0x8 c:/program files/st/stm32cubeide_1.11.2/stm32cubeide/plugins/com.st.stm32cube.ide.mcu.externaltools.gnu-tools-for-stm32.10.3-2021.10.win32_1.0.100.202210260954/tools/bin/../lib/gcc/arm-none-eabi/10.3.1/thumb/v7-m/nofp/crtn.o
 *(.fini)
 .fini          0x00000000080040a4        0x4 c:/program files/st/stm32cubeide_1.11.2/stm32cubeide/plugins/com.st.stm32cube.ide.mcu.externaltools.gnu-tools-for-stm32.10.3-2021.10.win32_1.0.100.202210260954/tools/bin/../lib/gcc/arm-none-eabi/10.3.1/thumb/v7-m/nofp/crti.o
                0x00000000080040a4                _fini
 .fini          0x00000000080040a8        0x8 c:/program files/st/stm32cubeide_1.11.2/stm32cubeide/plugins/com.st.stm32cube.ide.mcu.externaltools.gnu-tools-for-stm32.10.3-2021.10.win32_1.0.100.202210260954/tools/bin/../lib/gcc/arm-none-eabi/10.3.1/thumb/v7-m/nofp/crtn.o
                0x00000000080040b0                . = ALIGN (0x4)
                0x00000000080040b0                _etext = .

.vfp11_veneer   0x00000000080040b0        0x0
 .vfp11_veneer  0x00000000080040b0        0x0 linker stubs

.v4_bx          0x00000000080040b0        0x0
 .v4_bx         0x00000000080040b0        0x0 linker stubs

.iplt           0x00000000080040b0        0x0
 .iplt          0x00000000080040b0        0x0 c:/program files/st/stm32cubeide_1.11.2/stm32cubeide/plugins/com.st.stm32cube.ide.mcu.externaltools.gnu-tools-for-stm32.10.3-2021.10.win32_1.0.100.202210260954/tools/bin/../lib/gcc/arm-none-eabi/10.3.1/thumb/v7-m/nofp/crtbegin.o

.rodata         0x00000000080040b0       0x74
                0x00000000080040b0                . = ALIGN (0x4)
 *(.rodata)
 .rodata        0x00000000080040b0       0x4f ./Core/Src/main.o
 *(.rodata*)
 *fill*         0x00000000080040ff        0x1 
 .rodata.PLLMulTable
                0x0000000008004100        0x9 ./Core/Src/system_stm32l1xx.o
                0x0000000008004100                PLLMulTable
 *fill*         0x0000000008004109        0x3 
 .rodata.AHBPrescTable
                0x000000000800410c       0x10 ./Core/Src/system_stm32l1xx.o
                0x000000000800410c                AHBPrescTable
 .rodata.APBPrescTable
                0x000000000800411c        0x8 ./Core/Src/system_stm32l1xx.o
                0x000000000800411c                APBPrescTable
                0x0000000008004124                . = ALIGN (0x4)

.ARM.extab      0x0000000008004124        0x0
                0x0000000008004124                . = ALIGN (0x4)
 *(.ARM.extab* .gnu.linkonce.armextab.*)
                0x0000000008004124                . = ALIGN (0x4)

.ARM            0x0000000008004124        0x8
                0x0000000008004124                . = ALIGN (0x4)
                0x0000000008004124                __exidx_start = .
 *(.ARM.exidx*)
 .ARM.exidx     0x0000000008004124        0x8 c:/program files/st/stm32cubeide_1.11.2/stm32cubeide/plugins/com.st.stm32cube.ide.mcu.externaltools.gnu-tools-for-stm32.10.3-2021.10.win32_1.0.100.202210260954/tools/bin/../lib/gcc/arm-none-eabi/10.3.1/thumb/v7-m/nofp\libgcc.a(_udivmoddi4.o)
                0x000000000800412c                __exidx_end = .
                0x000000000800412c                . = ALIGN (0x4)

.rel.dyn        0x000000000800412c        0x0
 .rel.iplt      0x000000000800412c        0x0 c:/program files/st/stm32cubeide_1.11.2/stm32cubeide/plugins/com.st.stm32cube.ide.mcu.externaltools.gnu-tools-for-stm32.10.3-2021.10.win32_1.0.100.202210260954/tools/bin/../lib/gcc/arm-none-eabi/10.3.1/thumb/v7-m/nofp/crtbegin.o

.preinit_array  0x000000000800412c        0x0
                0x000000000800412c                . = ALIGN (0x4)
                0x000000000800412c                PROVIDE (__preinit_array_start = .)
 *(.preinit_array*)
                0x000000000800412c                PROVIDE (__preinit_array_end = .)
                0x000000000800412c                . = ALIGN (0x4)

.init_array     0x000000000800412c        0x4
                0x000000000800412c                . = ALIGN (0x4)
                0x000000000800412c                PROVIDE (__init_array_start = .)
 *(SORT_BY_NAME(.init_array.*))
 *(.init_array*)
 .init_array    0x000000000800412c        0x4 c:/program files/st/stm32cubeide_1.11.2/stm32cubeide/plugins/com.st.stm32cube.ide.mcu.externaltools.gnu-tools-for-stm32.10.3-2021.10.win32_1.0.100.202210260954/tools/bin/../lib/gcc/arm-none-eabi/10.3.1/thumb/v7-m/nofp/crtbegin.o
                0x0000000008004130                PROVIDE (__init_array_end = .)
                0x0000000008004130                . = ALIGN (0x4)

.fini_array     0x0000000008004130        0x4
                0x0000000008004130                . = ALIGN (0x4)
                [!provide]                        PROVIDE (__fini_array_start = .)
 *(SORT_BY_NAME(.fini_array.*))
 *(.fini_array*)
 .fini_array    0x0000000008004130        0x4 c:/program files/st/stm32cubeide_1.11.2/stm32cubeide/plugins/com.st.stm32cube.ide.mcu.externaltools.gnu-tools-for-stm32.10.3-2021.10.win32_1.0.100.202210260954/tools/bin/../lib/gcc/arm-none-eabi/10.3.1/thumb/v7-m/nofp/crtbegin.o
                [!provide]                        PROVIDE (__fini_array_end = .)
                0x0000000008004134                . = ALIGN (0x4)
                0x0000000008004134                _sidata = LOADADDR (.data)

.data           0x0000000020000000       0x24 load address 0x0000000008004134
                0x0000000020000000                . = ALIGN (0x4)
                0x0000000020000000                _sdata = .
 *(.data)
 *(.data*)
 .data.maxSpeed
                0x0000000020000000        0x2 ./Core/Src/main.o
                0x0000000020000000                maxSpeed
 .data.turnMode
                0x0000000020000002        0x2 ./Core/Src/main.o
                0x0000000020000002                turnMode
 .data.globalMode
                0x0000000020000004        0x2 ./Core/Src/main.o
                0x0000000020000004                globalMode
 *fill*         0x0000000020000006        0x2 
 .data.choose   0x0000000020000008        0x7 ./Core/Src/main.o
                0x0000000020000008                choose
 *fill*         0x000000002000000f        0x1 
 .data.aMode    0x0000000020000010        0x7 ./Core/Src/main.o
                0x0000000020000010                aMode
 *fill*         0x0000000020000017        0x1 
 .data.SystemCoreClock
                0x0000000020000018        0x4 ./Core/Src/system_stm32l1xx.o
                0x0000000020000018                SystemCoreClock
 .data.uwTickPrio
                0x000000002000001c        0x4 ./Drivers/STM32L1xx_HAL_Driver/Src/stm32l1xx_hal.o
                0x000000002000001c                uwTickPrio
 .data.uwTickFreq
                0x0000000020000020        0x4 ./Drivers/STM32L1xx_HAL_Driver/Src/stm32l1xx_hal.o
                0x0000000020000020                uwTickFreq
 *(.RamFunc)
 *(.RamFunc*)
                0x0000000020000024                . = ALIGN (0x4)
                0x0000000020000024                _edata = .

.igot.plt       0x0000000020000024        0x0 load address 0x0000000008004158
 .igot.plt      0x0000000020000024        0x0 c:/program files/st/stm32cubeide_1.11.2/stm32cubeide/plugins/com.st.stm32cube.ide.mcu.externaltools.gnu-tools-for-stm32.10.3-2021.10.win32_1.0.100.202210260954/tools/bin/../lib/gcc/arm-none-eabi/10.3.1/thumb/v7-m/nofp/crtbegin.o
                0x0000000020000024                . = ALIGN (0x4)

.bss            0x0000000020000024      0x198 load address 0x0000000008004158
                0x0000000020000024                _sbss = .
                0x0000000020000024                __bss_start__ = _sbss
 *(.bss)
 .bss           0x0000000020000024       0x1c c:/program files/st/stm32cubeide_1.11.2/stm32cubeide/plugins/com.st.stm32cube.ide.mcu.externaltools.gnu-tools-for-stm32.10.3-2021.10.win32_1.0.100.202210260954/tools/bin/../lib/gcc/arm-none-eabi/10.3.1/thumb/v7-m/nofp/crtbegin.o
 *(.bss*)
 .bss.hadc      0x0000000020000040       0x54 ./Core/Src/main.o
                0x0000000020000040                hadc
 .bss.htim2     0x0000000020000094       0x40 ./Core/Src/main.o
                0x0000000020000094                htim2
 .bss.htim3     0x00000000200000d4       0x40 ./Core/Src/main.o
                0x00000000200000d4                htim3
 .bss.htim4     0x0000000020000114       0x40 ./Core/Src/main.o
                0x0000000020000114                htim4
 .bss.huart1    0x0000000020000154       0x44 ./Core/Src/main.o
                0x0000000020000154                huart1
 .bss.distance  0x0000000020000198        0x2 ./Core/Src/main.o
                0x0000000020000198                distance
 .bss.echoStartTime
                0x000000002000019a        0x2 ./Core/Src/main.o
                0x000000002000019a                echoStartTime
 .bss.echoTotalTime
                0x000000002000019c        0x4 ./Core/Src/main.o
                0x000000002000019c                echoTotalTime
 .bss.cautionMode
                0x00000000200001a0        0x2 ./Core/Src/main.o
                0x00000000200001a0                cautionMode
 .bss.prevTurnMode
                0x00000000200001a2        0x2 ./Core/Src/main.o
                0x00000000200001a2                prevTurnMode
 .bss.tim3Time  0x00000000200001a4        0x2 ./Core/Src/main.o
                0x00000000200001a4                tim3Time
 *fill*         0x00000000200001a6        0x2 
 .bss.received  0x00000000200001a8        0x7 ./Core/Src/main.o
                0x00000000200001a8                received
 *fill*         0x00000000200001af        0x1 
 .bss.lineBreak
                0x00000000200001b0        0x7 ./Core/Src/main.o
                0x00000000200001b0                lineBreak
 *fill*         0x00000000200001b7        0x1 
 .bss.uwTick    0x00000000200001b8        0x4 ./Drivers/STM32L1xx_HAL_Driver/Src/stm32l1xx_hal.o
                0x00000000200001b8                uwTick
 *(COMMON)
                0x00000000200001bc                . = ALIGN (0x4)
                0x00000000200001bc                _ebss = .
                0x00000000200001bc                __bss_end__ = _ebss

._user_heap_stack
                0x00000000200001bc      0x604 load address 0x0000000008004158
                0x00000000200001c0                . = ALIGN (0x8)
 *fill*         0x00000000200001bc        0x4 
                [!provide]                        PROVIDE (end = .)
                0x00000000200001c0                PROVIDE (_end = .)
                0x00000000200003c0                . = (. + _Min_Heap_Size)
 *fill*         0x00000000200001c0      0x200 
                0x00000000200007c0                . = (. + _Min_Stack_Size)
 *fill*         0x00000000200003c0      0x400 
                0x00000000200007c0                . = ALIGN (0x8)

/DISCARD/
 libc.a(*)
 libm.a(*)
 libgcc.a(*)

.ARM.attributes
                0x0000000000000000       0x29
 *(.ARM.attributes)
 .ARM.attributes
                0x0000000000000000       0x1d c:/program files/st/stm32cubeide_1.11.2/stm32cubeide/plugins/com.st.stm32cube.ide.mcu.externaltools.gnu-tools-for-stm32.10.3-2021.10.win32_1.0.100.202210260954/tools/bin/../lib/gcc/arm-none-eabi/10.3.1/thumb/v7-m/nofp/crti.o
 .ARM.attributes
                0x000000000000001d       0x2d c:/program files/st/stm32cubeide_1.11.2/stm32cubeide/plugins/com.st.stm32cube.ide.mcu.externaltools.gnu-tools-for-stm32.10.3-2021.10.win32_1.0.100.202210260954/tools/bin/../lib/gcc/arm-none-eabi/10.3.1/thumb/v7-m/nofp/crtbegin.o
 .ARM.attributes
                0x000000000000004a       0x2d ./Core/Src/main.o
 .ARM.attributes
                0x0000000000000077       0x2d ./Core/Src/stm32l1xx_hal_msp.o
 .ARM.attributes
                0x00000000000000a4       0x2d ./Core/Src/stm32l1xx_it.o
 .ARM.attributes
                0x00000000000000d1       0x2d ./Core/Src/system_stm32l1xx.o
 .ARM.attributes
                0x00000000000000fe       0x21 ./Core/Startup/startup_stm32l152retx.o
 .ARM.attributes
                0x000000000000011f       0x2d ./Drivers/STM32L1xx_HAL_Driver/Src/stm32l1xx_hal.o
 .ARM.attributes
                0x000000000000014c       0x2d ./Drivers/STM32L1xx_HAL_Driver/Src/stm32l1xx_hal_adc.o
 .ARM.attributes
                0x0000000000000179       0x2d ./Drivers/STM32L1xx_HAL_Driver/Src/stm32l1xx_hal_cortex.o
 .ARM.attributes
                0x00000000000001a6       0x2d ./Drivers/STM32L1xx_HAL_Driver/Src/stm32l1xx_hal_dma.o
 .ARM.attributes
                0x00000000000001d3       0x2d ./Drivers/STM32L1xx_HAL_Driver/Src/stm32l1xx_hal_gpio.o
 .ARM.attributes
                0x0000000000000200       0x2d ./Drivers/STM32L1xx_HAL_Driver/Src/stm32l1xx_hal_rcc.o
 .ARM.attributes
                0x000000000000022d       0x2d ./Drivers/STM32L1xx_HAL_Driver/Src/stm32l1xx_hal_tim.o
 .ARM.attributes
                0x000000000000025a       0x2d ./Drivers/STM32L1xx_HAL_Driver/Src/stm32l1xx_hal_tim_ex.o
 .ARM.attributes
                0x0000000000000287       0x2d ./Drivers/STM32L1xx_HAL_Driver/Src/stm32l1xx_hal_uart.o
 .ARM.attributes
                0x00000000000002b4       0x2d c:/program files/st/stm32cubeide_1.11.2/stm32cubeide/plugins/com.st.stm32cube.ide.mcu.externaltools.gnu-tools-for-stm32.10.3-2021.10.win32_1.0.100.202210260954/tools/bin/../lib/gcc/arm-none-eabi/10.3.1/../../../../arm-none-eabi/lib/thumb/v7-m/nofp\libc_nano.a(lib_a-init.o)
 .ARM.attributes
                0x00000000000002e1       0x2d c:/program files/st/stm32cubeide_1.11.2/stm32cubeide/plugins/com.st.stm32cube.ide.mcu.externaltools.gnu-tools-for-stm32.10.3-2021.10.win32_1.0.100.202210260954/tools/bin/../lib/gcc/arm-none-eabi/10.3.1/../../../../arm-none-eabi/lib/thumb/v7-m/nofp\libc_nano.a(lib_a-memset.o)
 .ARM.attributes
                0x000000000000030e       0x1d c:/program files/st/stm32cubeide_1.11.2/stm32cubeide/plugins/com.st.stm32cube.ide.mcu.externaltools.gnu-tools-for-stm32.10.3-2021.10.win32_1.0.100.202210260954/tools/bin/../lib/gcc/arm-none-eabi/10.3.1/thumb/v7-m/nofp\libgcc.a(_aeabi_uldivmod.o)
 .ARM.attributes
                0x000000000000032b       0x2d c:/program files/st/stm32cubeide_1.11.2/stm32cubeide/plugins/com.st.stm32cube.ide.mcu.externaltools.gnu-tools-for-stm32.10.3-2021.10.win32_1.0.100.202210260954/tools/bin/../lib/gcc/arm-none-eabi/10.3.1/thumb/v7-m/nofp\libgcc.a(_udivmoddi4.o)
 .ARM.attributes
                0x0000000000000358       0x1d c:/program files/st/stm32cubeide_1.11.2/stm32cubeide/plugins/com.st.stm32cube.ide.mcu.externaltools.gnu-tools-for-stm32.10.3-2021.10.win32_1.0.100.202210260954/tools/bin/../lib/gcc/arm-none-eabi/10.3.1/thumb/v7-m/nofp\libgcc.a(_dvmd_tls.o)
 .ARM.attributes
                0x0000000000000375       0x1d c:/program files/st/stm32cubeide_1.11.2/stm32cubeide/plugins/com.st.stm32cube.ide.mcu.externaltools.gnu-tools-for-stm32.10.3-2021.10.win32_1.0.100.202210260954/tools/bin/../lib/gcc/arm-none-eabi/10.3.1/thumb/v7-m/nofp/crtn.o
OUTPUT(LAB3_Prueba.elf elf32-littlearm)
LOAD linker stubs
LOAD c:/program files/st/stm32cubeide_1.11.2/stm32cubeide/plugins/com.st.stm32cube.ide.mcu.externaltools.gnu-tools-for-stm32.10.3-2021.10.win32_1.0.100.202210260954/tools/bin/../lib/gcc/arm-none-eabi/10.3.1/../../../../arm-none-eabi/lib/thumb/v7-m/nofp\libc.a
LOAD c:/program files/st/stm32cubeide_1.11.2/stm32cubeide/plugins/com.st.stm32cube.ide.mcu.externaltools.gnu-tools-for-stm32.10.3-2021.10.win32_1.0.100.202210260954/tools/bin/../lib/gcc/arm-none-eabi/10.3.1/../../../../arm-none-eabi/lib/thumb/v7-m/nofp\libm.a
LOAD c:/program files/st/stm32cubeide_1.11.2/stm32cubeide/plugins/com.st.stm32cube.ide.mcu.externaltools.gnu-tools-for-stm32.10.3-2021.10.win32_1.0.100.202210260954/tools/bin/../lib/gcc/arm-none-eabi/10.3.1/thumb/v7-m/nofp\libgcc.a

.debug_info     0x0000000000000000     0xb270
 .debug_info    0x0000000000000000     0x17e3 ./Core/Src/main.o
 .debug_info    0x00000000000017e3     0x116e ./Core/Src/stm32l1xx_hal_msp.o
 .debug_info    0x0000000000002951      0x612 ./Core/Src/stm32l1xx_it.o
 .debug_info    0x0000000000002f63      0x2a7 ./Core/Src/system_stm32l1xx.o
 .debug_info    0x000000000000320a       0x22 ./Core/Startup/startup_stm32l152retx.o
 .debug_info    0x000000000000322c      0x726 ./Drivers/STM32L1xx_HAL_Driver/Src/stm32l1xx_hal.o
 .debug_info    0x0000000000003952      0xf29 ./Drivers/STM32L1xx_HAL_Driver/Src/stm32l1xx_hal_adc.o
 .debug_info    0x000000000000487b      0xd85 ./Drivers/STM32L1xx_HAL_Driver/Src/stm32l1xx_hal_cortex.o
 .debug_info    0x0000000000005600      0x734 ./Drivers/STM32L1xx_HAL_Driver/Src/stm32l1xx_hal_dma.o
 .debug_info    0x0000000000005d34      0x635 ./Drivers/STM32L1xx_HAL_Driver/Src/stm32l1xx_hal_gpio.o
 .debug_info    0x0000000000006369      0x9e7 ./Drivers/STM32L1xx_HAL_Driver/Src/stm32l1xx_hal_rcc.o
 .debug_info    0x0000000000006d50     0x2859 ./Drivers/STM32L1xx_HAL_Driver/Src/stm32l1xx_hal_tim.o
 .debug_info    0x00000000000095a9      0x6eb ./Drivers/STM32L1xx_HAL_Driver/Src/stm32l1xx_hal_tim_ex.o
 .debug_info    0x0000000000009c94     0x15dc ./Drivers/STM32L1xx_HAL_Driver/Src/stm32l1xx_hal_uart.o

.debug_abbrev   0x0000000000000000     0x1bfb
 .debug_abbrev  0x0000000000000000      0x2fb ./Core/Src/main.o
 .debug_abbrev  0x00000000000002fb      0x1f9 ./Core/Src/stm32l1xx_hal_msp.o
 .debug_abbrev  0x00000000000004f4      0x15f ./Core/Src/stm32l1xx_it.o
 .debug_abbrev  0x0000000000000653      0x116 ./Core/Src/system_stm32l1xx.o
 .debug_abbrev  0x0000000000000769       0x12 ./Core/Startup/startup_stm32l152retx.o
 .debug_abbrev  0x000000000000077b      0x26c ./Drivers/STM32L1xx_HAL_Driver/Src/stm32l1xx_hal.o
 .debug_abbrev  0x00000000000009e7      0x280 ./Drivers/STM32L1xx_HAL_Driver/Src/stm32l1xx_hal_adc.o
 .debug_abbrev  0x0000000000000c67      0x316 ./Drivers/STM32L1xx_HAL_Driver/Src/stm32l1xx_hal_cortex.o
 .debug_abbrev  0x0000000000000f7d      0x1f5 ./Drivers/STM32L1xx_HAL_Driver/Src/stm32l1xx_hal_dma.o
 .debug_abbrev  0x0000000000001172      0x1c4 ./Drivers/STM32L1xx_HAL_Driver/Src/stm32l1xx_hal_gpio.o
 .debug_abbrev  0x0000000000001336      0x2b0 ./Drivers/STM32L1xx_HAL_Driver/Src/stm32l1xx_hal_rcc.o
 .debug_abbrev  0x00000000000015e6      0x248 ./Drivers/STM32L1xx_HAL_Driver/Src/stm32l1xx_hal_tim.o
 .debug_abbrev  0x000000000000182e      0x155 ./Drivers/STM32L1xx_HAL_Driver/Src/stm32l1xx_hal_tim_ex.o
 .debug_abbrev  0x0000000000001983      0x278 ./Drivers/STM32L1xx_HAL_Driver/Src/stm32l1xx_hal_uart.o

.debug_aranges  0x0000000000000000      0xc10
 .debug_aranges
                0x0000000000000000       0xc0 ./Core/Src/main.o
 .debug_aranges
                0x00000000000000c0       0x50 ./Core/Src/stm32l1xx_hal_msp.o
 .debug_aranges
                0x0000000000000110       0x68 ./Core/Src/stm32l1xx_it.o
 .debug_aranges
                0x0000000000000178       0x28 ./Core/Src/system_stm32l1xx.o
 .debug_aranges
                0x00000000000001a0       0x28 ./Core/Startup/startup_stm32l152retx.o
 .debug_aranges
                0x00000000000001c8       0xe0 ./Drivers/STM32L1xx_HAL_Driver/Src/stm32l1xx_hal.o
 .debug_aranges
                0x00000000000002a8       0xf0 ./Drivers/STM32L1xx_HAL_Driver/Src/stm32l1xx_hal_adc.o
 .debug_aranges
                0x0000000000000398      0x118 ./Drivers/STM32L1xx_HAL_Driver/Src/stm32l1xx_hal_cortex.o
 .debug_aranges
                0x00000000000004b0       0x80 ./Drivers/STM32L1xx_HAL_Driver/Src/stm32l1xx_hal_dma.o
 .debug_aranges
                0x0000000000000530       0x58 ./Drivers/STM32L1xx_HAL_Driver/Src/stm32l1xx_hal_gpio.o
 .debug_aranges
                0x0000000000000588       0x90 ./Drivers/STM32L1xx_HAL_Driver/Src/stm32l1xx_hal_rcc.o
 .debug_aranges
                0x0000000000000618      0x3d0 ./Drivers/STM32L1xx_HAL_Driver/Src/stm32l1xx_hal_tim.o
 .debug_aranges
                0x00000000000009e8       0x28 ./Drivers/STM32L1xx_HAL_Driver/Src/stm32l1xx_hal_tim_ex.o
 .debug_aranges
                0x0000000000000a10      0x200 ./Drivers/STM32L1xx_HAL_Driver/Src/stm32l1xx_hal_uart.o

.debug_ranges   0x0000000000000000      0xb68
 .debug_ranges  0x0000000000000000       0xb0 ./Core/Src/main.o
 .debug_ranges  0x00000000000000b0       0x40 ./Core/Src/stm32l1xx_hal_msp.o
 .debug_ranges  0x00000000000000f0       0x58 ./Core/Src/stm32l1xx_it.o
 .debug_ranges  0x0000000000000148       0x18 ./Core/Src/system_stm32l1xx.o
 .debug_ranges  0x0000000000000160       0x20 ./Core/Startup/startup_stm32l152retx.o
 .debug_ranges  0x0000000000000180       0xd0 ./Drivers/STM32L1xx_HAL_Driver/Src/stm32l1xx_hal.o
 .debug_ranges  0x0000000000000250       0xe0 ./Drivers/STM32L1xx_HAL_Driver/Src/stm32l1xx_hal_adc.o
 .debug_ranges  0x0000000000000330      0x108 ./Drivers/STM32L1xx_HAL_Driver/Src/stm32l1xx_hal_cortex.o
 .debug_ranges  0x0000000000000438       0x70 ./Drivers/STM32L1xx_HAL_Driver/Src/stm32l1xx_hal_dma.o
 .debug_ranges  0x00000000000004a8       0x48 ./Drivers/STM32L1xx_HAL_Driver/Src/stm32l1xx_hal_gpio.o
 .debug_ranges  0x00000000000004f0       0x80 ./Drivers/STM32L1xx_HAL_Driver/Src/stm32l1xx_hal_rcc.o
 .debug_ranges  0x0000000000000570      0x3c0 ./Drivers/STM32L1xx_HAL_Driver/Src/stm32l1xx_hal_tim.o
 .debug_ranges  0x0000000000000930       0x18 ./Drivers/STM32L1xx_HAL_Driver/Src/stm32l1xx_hal_tim_ex.o
 .debug_ranges  0x0000000000000948      0x220 ./Drivers/STM32L1xx_HAL_Driver/Src/stm32l1xx_hal_uart.o

.debug_macro    0x0000000000000000    0x153a7
 .debug_macro   0x0000000000000000      0x1ea ./Core/Src/main.o
 .debug_macro   0x00000000000001ea      0x115 ./Core/Src/main.o
 .debug_macro   0x00000000000002ff       0x2e ./Core/Src/main.o
 .debug_macro   0x000000000000032d       0x22 ./Core/Src/main.o
 .debug_macro   0x000000000000034f       0x22 ./Core/Src/main.o
 .debug_macro   0x0000000000000371       0x8e ./Core/Src/main.o
 .debug_macro   0x00000000000003ff       0x51 ./Core/Src/main.o
 .debug_macro   0x0000000000000450      0x103 ./Core/Src/main.o
 .debug_macro   0x0000000000000553       0x6a ./Core/Src/main.o
 .debug_macro   0x00000000000005bd      0x1df ./Core/Src/main.o
 .debug_macro   0x000000000000079c       0x1c ./Core/Src/main.o
 .debug_macro   0x00000000000007b8       0x22 ./Core/Src/main.o
 .debug_macro   0x00000000000007da       0xbd ./Core/Src/main.o
 .debug_macro   0x0000000000000897      0xe49 ./Core/Src/main.o
 .debug_macro   0x00000000000016e0      0x11f ./Core/Src/main.o
 .debug_macro   0x00000000000017ff     0xb540 ./Core/Src/main.o
 .debug_macro   0x000000000000cd3f       0x6d ./Core/Src/main.o
 .debug_macro   0x000000000000cdac     0x34ca ./Core/Src/main.o
 .debug_macro   0x0000000000010276      0x174 ./Core/Src/main.o
 .debug_macro   0x00000000000103ea       0x5b ./Core/Src/main.o
 .debug_macro   0x0000000000010445      0xe38 ./Core/Src/main.o
 .debug_macro   0x000000000001127d      0x35b ./Core/Src/main.o
 .debug_macro   0x00000000000115d8      0x1b9 ./Core/Src/main.o
 .debug_macro   0x0000000000011791       0xc5 ./Core/Src/main.o
 .debug_macro   0x0000000000011856      0x21e ./Core/Src/main.o
 .debug_macro   0x0000000000011a74      0x236 ./Core/Src/main.o
 .debug_macro   0x0000000000011caa      0x685 ./Core/Src/main.o
 .debug_macro   0x000000000001232f      0x16c ./Core/Src/main.o
 .debug_macro   0x000000000001249b      0x10f ./Core/Src/main.o
 .debug_macro   0x00000000000125aa      0x567 ./Core/Src/main.o
 .debug_macro   0x0000000000012b11      0x1e9 ./Core/Src/main.o
 .debug_macro   0x0000000000012cfa       0x22 ./Core/Src/main.o
 .debug_macro   0x0000000000012d1c      0x76c ./Core/Src/main.o
 .debug_macro   0x0000000000013488       0xac ./Core/Src/main.o
 .debug_macro   0x0000000000013534      0x295 ./Core/Src/main.o
 .debug_macro   0x00000000000137c9      0x170 ./Core/Src/main.o
 .debug_macro   0x0000000000013939      0x492 ./Core/Src/main.o
 .debug_macro   0x0000000000013dcb       0x34 ./Core/Src/main.o
 .debug_macro   0x0000000000013dff      0x1d2 ./Core/Src/stm32l1xx_hal_msp.o
 .debug_macro   0x0000000000013fd1      0x1dc ./Core/Src/stm32l1xx_it.o
 .debug_macro   0x00000000000141ad      0x1c3 ./Core/Src/system_stm32l1xx.o
 .debug_macro   0x0000000000014370      0x1e7 ./Drivers/STM32L1xx_HAL_Driver/Src/stm32l1xx_hal.o
 .debug_macro   0x0000000000014557      0x1e0 ./Drivers/STM32L1xx_HAL_Driver/Src/stm32l1xx_hal_adc.o
 .debug_macro   0x0000000000014737      0x1c3 ./Drivers/STM32L1xx_HAL_Driver/Src/stm32l1xx_hal_cortex.o
 .debug_macro   0x00000000000148fa      0x1c3 ./Drivers/STM32L1xx_HAL_Driver/Src/stm32l1xx_hal_dma.o
 .debug_macro   0x0000000000014abd      0x1ca ./Drivers/STM32L1xx_HAL_Driver/Src/stm32l1xx_hal_gpio.o
 .debug_macro   0x0000000000014c87      0x1d5 ./Drivers/STM32L1xx_HAL_Driver/Src/stm32l1xx_hal_rcc.o
 .debug_macro   0x0000000000014e5c      0x1c4 ./Drivers/STM32L1xx_HAL_Driver/Src/stm32l1xx_hal_tim.o
 .debug_macro   0x0000000000015020      0x1c3 ./Drivers/STM32L1xx_HAL_Driver/Src/stm32l1xx_hal_tim_ex.o
 .debug_macro   0x00000000000151e3      0x1c4 ./Drivers/STM32L1xx_HAL_Driver/Src/stm32l1xx_hal_uart.o

.debug_line     0x0000000000000000     0xc6a0
 .debug_line    0x0000000000000000      0xf1e ./Core/Src/main.o
 .debug_line    0x0000000000000f1e      0x853 ./Core/Src/stm32l1xx_hal_msp.o
 .debug_line    0x0000000000001771      0x81d ./Core/Src/stm32l1xx_it.o
 .debug_line    0x0000000000001f8e      0x7e3 ./Core/Src/system_stm32l1xx.o
 .debug_line    0x0000000000002771       0x87 ./Core/Startup/startup_stm32l152retx.o
 .debug_line    0x00000000000027f8      0xa06 ./Drivers/STM32L1xx_HAL_Driver/Src/stm32l1xx_hal.o
 .debug_line    0x00000000000031fe      0xff0 ./Drivers/STM32L1xx_HAL_Driver/Src/stm32l1xx_hal_adc.o
 .debug_line    0x00000000000041ee      0xcd3 ./Drivers/STM32L1xx_HAL_Driver/Src/stm32l1xx_hal_cortex.o
 .debug_line    0x0000000000004ec1      0xc8f ./Drivers/STM32L1xx_HAL_Driver/Src/stm32l1xx_hal_dma.o
 .debug_line    0x0000000000005b50      0xa80 ./Drivers/STM32L1xx_HAL_Driver/Src/stm32l1xx_hal_gpio.o
 .debug_line    0x00000000000065d0      0xf0f ./Drivers/STM32L1xx_HAL_Driver/Src/stm32l1xx_hal_rcc.o
 .debug_line    0x00000000000074df     0x2eca ./Drivers/STM32L1xx_HAL_Driver/Src/stm32l1xx_hal_tim.o
 .debug_line    0x000000000000a3a9      0x815 ./Drivers/STM32L1xx_HAL_Driver/Src/stm32l1xx_hal_tim_ex.o
 .debug_line    0x000000000000abbe     0x1ae2 ./Drivers/STM32L1xx_HAL_Driver/Src/stm32l1xx_hal_uart.o

.debug_str      0x0000000000000000    0x8e530
 .debug_str     0x0000000000000000    0x8bbdd ./Core/Src/main.o
                                      0x8bf52 (size before relaxing)
 .debug_str     0x000000000008bbdd      0x478 ./Core/Src/stm32l1xx_hal_msp.o
                                      0x8be14 (size before relaxing)
 .debug_str     0x000000000008c055       0xef ./Core/Src/stm32l1xx_it.o
                                      0x8b4fb (size before relaxing)
 .debug_str     0x000000000008c144       0x99 ./Core/Src/system_stm32l1xx.o
                                      0x8b09c (size before relaxing)
 .debug_str     0x000000000008c1dd       0x36 ./Core/Startup/startup_stm32l152retx.o
                                         0x93 (size before relaxing)
 .debug_str     0x000000000008c213      0x2fe ./Drivers/STM32L1xx_HAL_Driver/Src/stm32l1xx_hal.o
                                      0x8b7c1 (size before relaxing)
 .debug_str     0x000000000008c511      0x356 ./Drivers/STM32L1xx_HAL_Driver/Src/stm32l1xx_hal_adc.o
                                      0x8b824 (size before relaxing)
 .debug_str     0x000000000008c867      0x349 ./Drivers/STM32L1xx_HAL_Driver/Src/stm32l1xx_hal_cortex.o
                                      0x8b89b (size before relaxing)
 .debug_str     0x000000000008cbb0      0x233 ./Drivers/STM32L1xx_HAL_Driver/Src/stm32l1xx_hal_dma.o
                                      0x8b421 (size before relaxing)
 .debug_str     0x000000000008cde3      0x152 ./Drivers/STM32L1xx_HAL_Driver/Src/stm32l1xx_hal_gpio.o
                                      0x8b22f (size before relaxing)
 .debug_str     0x000000000008cf35      0x281 ./Drivers/STM32L1xx_HAL_Driver/Src/stm32l1xx_hal_rcc.o
                                      0x8b558 (size before relaxing)
 .debug_str     0x000000000008d1b6      0xd96 ./Drivers/STM32L1xx_HAL_Driver/Src/stm32l1xx_hal_tim.o
                                      0x8c388 (size before relaxing)
 .debug_str     0x000000000008df4c       0x57 ./Drivers/STM32L1xx_HAL_Driver/Src/stm32l1xx_hal_tim_ex.o
                                      0x8b544 (size before relaxing)
 .debug_str     0x000000000008dfa3      0x58d ./Drivers/STM32L1xx_HAL_Driver/Src/stm32l1xx_hal_uart.o
                                      0x8ba9b (size before relaxing)

.comment        0x0000000000000000       0x50
 .comment       0x0000000000000000       0x50 ./Core/Src/main.o
                                         0x51 (size before relaxing)
 .comment       0x0000000000000050       0x51 ./Core/Src/stm32l1xx_hal_msp.o
 .comment       0x0000000000000050       0x51 ./Core/Src/stm32l1xx_it.o
 .comment       0x0000000000000050       0x51 ./Core/Src/system_stm32l1xx.o
 .comment       0x0000000000000050       0x51 ./Drivers/STM32L1xx_HAL_Driver/Src/stm32l1xx_hal.o
 .comment       0x0000000000000050       0x51 ./Drivers/STM32L1xx_HAL_Driver/Src/stm32l1xx_hal_adc.o
 .comment       0x0000000000000050       0x51 ./Drivers/STM32L1xx_HAL_Driver/Src/stm32l1xx_hal_cortex.o
 .comment       0x0000000000000050       0x51 ./Drivers/STM32L1xx_HAL_Driver/Src/stm32l1xx_hal_dma.o
 .comment       0x0000000000000050       0x51 ./Drivers/STM32L1xx_HAL_Driver/Src/stm32l1xx_hal_gpio.o
 .comment       0x0000000000000050       0x51 ./Drivers/STM32L1xx_HAL_Driver/Src/stm32l1xx_hal_rcc.o
 .comment       0x0000000000000050       0x51 ./Drivers/STM32L1xx_HAL_Driver/Src/stm32l1xx_hal_tim.o
 .comment       0x0000000000000050       0x51 ./Drivers/STM32L1xx_HAL_Driver/Src/stm32l1xx_hal_tim_ex.o
 .comment       0x0000000000000050       0x51 ./Drivers/STM32L1xx_HAL_Driver/Src/stm32l1xx_hal_uart.o

.debug_frame    0x0000000000000000     0x326c
 .debug_frame   0x0000000000000000      0x2b8 ./Core/Src/main.o
 .debug_frame   0x00000000000002b8      0x114 ./Core/Src/stm32l1xx_hal_msp.o
 .debug_frame   0x00000000000003cc      0x120 ./Core/Src/stm32l1xx_it.o
 .debug_frame   0x00000000000004ec       0x58 ./Core/Src/system_stm32l1xx.o
 .debug_frame   0x0000000000000544      0x33c ./Drivers/STM32L1xx_HAL_Driver/Src/stm32l1xx_hal.o
 .debug_frame   0x0000000000000880      0x40c ./Drivers/STM32L1xx_HAL_Driver/Src/stm32l1xx_hal_adc.o
 .debug_frame   0x0000000000000c8c      0x498 ./Drivers/STM32L1xx_HAL_Driver/Src/stm32l1xx_hal_cortex.o
 .debug_frame   0x0000000000001124      0x204 ./Drivers/STM32L1xx_HAL_Driver/Src/stm32l1xx_hal_dma.o
 .debug_frame   0x0000000000001328      0x14c ./Drivers/STM32L1xx_HAL_Driver/Src/stm32l1xx_hal_gpio.o
 .debug_frame   0x0000000000001474      0x224 ./Drivers/STM32L1xx_HAL_Driver/Src/stm32l1xx_hal_rcc.o
 .debug_frame   0x0000000000001698     0x11b4 ./Drivers/STM32L1xx_HAL_Driver/Src/stm32l1xx_hal_tim.o
 .debug_frame   0x000000000000284c       0x60 ./Drivers/STM32L1xx_HAL_Driver/Src/stm32l1xx_hal_tim_ex.o
 .debug_frame   0x00000000000028ac      0x914 ./Drivers/STM32L1xx_HAL_Driver/Src/stm32l1xx_hal_uart.o
 .debug_frame   0x00000000000031c0       0x2c c:/program files/st/stm32cubeide_1.11.2/stm32cubeide/plugins/com.st.stm32cube.ide.mcu.externaltools.gnu-tools-for-stm32.10.3-2021.10.win32_1.0.100.202210260954/tools/bin/../lib/gcc/arm-none-eabi/10.3.1/../../../../arm-none-eabi/lib/thumb/v7-m/nofp\libc_nano.a(lib_a-init.o)
 .debug_frame   0x00000000000031ec       0x20 c:/program files/st/stm32cubeide_1.11.2/stm32cubeide/plugins/com.st.stm32cube.ide.mcu.externaltools.gnu-tools-for-stm32.10.3-2021.10.win32_1.0.100.202210260954/tools/bin/../lib/gcc/arm-none-eabi/10.3.1/../../../../arm-none-eabi/lib/thumb/v7-m/nofp\libc_nano.a(lib_a-memset.o)
 .debug_frame   0x000000000000320c       0x2c c:/program files/st/stm32cubeide_1.11.2/stm32cubeide/plugins/com.st.stm32cube.ide.mcu.externaltools.gnu-tools-for-stm32.10.3-2021.10.win32_1.0.100.202210260954/tools/bin/../lib/gcc/arm-none-eabi/10.3.1/thumb/v7-m/nofp\libgcc.a(_aeabi_uldivmod.o)
 .debug_frame   0x0000000000003238       0x34 c:/program files/st/stm32cubeide_1.11.2/stm32cubeide/plugins/com.st.stm32cube.ide.mcu.externaltools.gnu-tools-for-stm32.10.3-2021.10.win32_1.0.100.202210260954/tools/bin/../lib/gcc/arm-none-eabi/10.3.1/thumb/v7-m/nofp\libgcc.a(_udivmoddi4.o)
