../Core/Inc/Utiles_SDM.h:11:5:_write	32	static
../Core/Src/main.c:70:6:lineBreakFunction	8	static
../Core/Src/main.c:76:6:chooseAMode	8	static
../Core/Src/main.c:81:6:goForward	4	static
../Core/Src/main.c:88:6:goBackward	4	static
../Core/Src/main.c:95:6:Stop	4	static
../Core/Src/main.c:102:6:goRight	4	static
../Core/Src/main.c:109:6:goLeft	4	static
../Core/Src/main.c:121:5:main	8	static
../Core/Src/main.c:194:6:SystemClock_Config	80	static
../Core/Src/main.c:238:13:MX_USART1_UART_Init	8	static
../Core/Src/main.c:271:13:MX_GPIO_Init	48	static
../Core/Src/main.c:310:6:HAL_UART_RxCpltCallback	56	static
../Core/Src/main.c:363:6:Error_Handler	4	static,ignoring_inline_asm
