../Core/Src/main.c:99:6:lineBreakFunction	8	static
../Core/Src/main.c:105:6:chooseAMode	8	static
../Core/Src/main.c:110:6:goForward	4	static
../Core/Src/main.c:117:6:goBackward	4	static
../Core/Src/main.c:124:6:forwardBrake	4	static
../Core/Src/main.c:131:6:Stop	4	static
../Core/Src/main.c:138:6:goRight	4	static
../Core/Src/main.c:145:6:goLeft	4	static
../Core/Src/main.c:153:6:ADC1_IRQHandler	4	static
../Core/Src/main.c:160:6:TIM3_IRQHandler	8	static
../Core/Src/main.c:247:6:TIM2_IRQHandler	32	static
../Core/Src/main.c:298:5:main	32	static
../Core/Src/main.c:523:6:SystemClock_Config	80	static
../Core/Src/main.c:567:13:MX_ADC_Init	24	static
../Core/Src/main.c:622:13:MX_TIM2_Init	32	static
../Core/Src/main.c:667:13:MX_TIM3_Init	32	static
../Core/Src/main.c:712:13:MX_TIM4_Init	32	static
../Core/Src/main.c:757:13:MX_USART1_UART_Init	8	static
../Core/Src/main.c:790:13:MX_GPIO_Init	48	static
../Core/Src/main.c:809:6:HAL_UART_RxCpltCallback	72	static
../Core/Src/main.c:864:6:Error_Handler	4	static,ignoring_inline_asm
