../Core/Inc/Utiles_SDM.h:11:5:_write	32	static
../Core/Src/main.c:76:6:TIM3_IRQHandler	4	static
../Core/Src/main.c:86:6:calculateDistance	8	static
../Core/Src/main.c:93:6:ultrasonicTrigger	4	static
../Core/Src/main.c:99:6:TIM2_IRQHandler	4	static
../Core/Src/main.c:113:5:main	8	static
../Core/Src/main.c:271:6:SystemClock_Config	80	static
../Core/Src/main.c:315:13:MX_TIM2_Init	32	static
../Core/Src/main.c:360:13:MX_TIM3_Init	32	static
../Core/Src/main.c:405:13:MX_USART2_UART_Init	8	static
../Core/Src/main.c:438:13:MX_GPIO_Init	48	static
../Core/Src/main.c:485:6:Error_Handler	4	static,ignoring_inline_asm
